ERROR IN CHAT API:
Traceback (most recent call last):
  File "C:\Users\Sharath Chandra S\OneDrive\Desktop\app_chatbot\backend\venv\Lib\site-packages\langchain_google_genai\chat_models.py", line 3379, in _generate
    response: GenerateContentResponse = self.client.models.generate_content(
                                        ~~~~~~~~~~~~~~~~~~~~~~~~~~~~~~~~~~~^
        **request,
        ^^^^^^^^^^
    )
    ^
  File "C:\Users\Sharath Chandra S\OneDrive\Desktop\app_chatbot\backend\venv\Lib\site-packages\google\genai\models.py", line 6604, in generate_content
    response = self._generate_content(
        model=model, contents=contents, config=parsed_config_to_call
    )
  File "C:\Users\Sharath Chandra S\OneDrive\Desktop\app_chatbot\backend\venv\Lib\site-packages\google\genai\models.py", line 5028, in _generate_content
    response = self._api_client.request(
        'post', path, request_dict, http_options
    )
  File "C:\Users\Sharath Chandra S\OneDrive\Desktop\app_chatbot\backend\venv\Lib\site-packages\google\genai\_api_client.py", line 1708, in request
    response = self._request(http_request, http_options, stream=False)
  File "C:\Users\Sharath Chandra S\OneDrive\Desktop\app_chatbot\backend\venv\Lib\site-packages\google\genai\_api_client.py", line 1493, in _request
    return retry(self._request_once, http_request, stream)  # type: ignore[no-any-return]
  File "C:\Users\Sharath Chandra S\OneDrive\Desktop\app_chatbot\backend\venv\Lib\site-packages\tenacity\__init__.py", line 470, in __call__
    do = self.iter(retry_state=retry_state)
  File "C:\Users\Sharath Chandra S\OneDrive\Desktop\app_chatbot\backend\venv\Lib\site-packages\tenacity\__init__.py", line 371, in iter
    result = action(retry_state)
  File "C:\Users\Sharath Chandra S\OneDrive\Desktop\app_chatbot\backend\venv\Lib\site-packages\tenacity\__init__.py", line 413, in exc_check
    raise retry_exc.reraise()
          ~~~~~~~~~~~~~~~~~^^
  File "C:\Users\Sharath Chandra S\OneDrive\Desktop\app_chatbot\backend\venv\Lib\site-packages\tenacity\__init__.py", line 184, in reraise
    raise self.last_attempt.result()
          ~~~~~~~~~~~~~~~~~~~~~~~~^^
  File "C:\Program Files\Python314\Lib\concurrent\futures\_base.py", line 443, in result
    return self.__get_result()
           ~~~~~~~~~~~~~~~~~^^
  File "C:\Program Files\Python314\Lib\concurrent\futures\_base.py", line 395, in __get_result
    raise self._exception
  File "C:\Users\Sharath Chandra S\OneDrive\Desktop\app_chatbot\backend\venv\Lib\site-packages\tenacity\__init__.py", line 473, in __call__
    result = fn(*args, **kwargs)
  File "C:\Users\Sharath Chandra S\OneDrive\Desktop\app_chatbot\backend\venv\Lib\site-packages\google\genai\_api_client.py", line 1472, in _request_once
    errors.APIError.raise_for_response(response)
    ~~~~~~~~~~~~~~~~~~~~~~~~~~~~~~~~~~^^^^^^^^^^
  File "C:\Users\Sharath Chandra S\OneDrive\Desktop\app_chatbot\backend\venv\Lib\site-packages\google\genai\errors.py", line 155, in raise_for_response
    cls.raise_error(response.status_code, response_json, response)
    ~~~~~~~~~~~~~~~^^^^^^^^^^^^^^^^^^^^^^^^^^^^^^^^^^^^^^^^^^^^^^^
  File "C:\Users\Sharath Chandra S\OneDrive\Desktop\app_chatbot\backend\venv\Lib\site-packages\google\genai\errors.py", line 184, in raise_error
    raise ClientError(status_code, response_json, response)
google.genai.errors.ClientError: 429 RESOURCE_EXHAUSTED. {'error': {'code': 429, 'message': 'You exceeded your current quota, please check your plan and billing details. For more information on this error, head to: https://ai.google.dev/gemini-api/docs/rate-limits. To monitor your current usage, head to: https://ai.dev/rate-limit. \n* Quota exceeded for metric: generativelanguage.googleapis.com/generate_content_free_tier_requests, limit: 20, model: gemini-3.6-flash\nPlease retry in 19.368775478s.', 'status': 'RESOURCE_EXHAUSTED', 'details': [{'@type': 'type.googleapis.com/google.rpc.Help', 'links': [{'description': 'Learn more about Gemini API quotas', 'url': 'https://ai.google.dev/gemini-api/docs/rate-limits'}]}, {'@type': 'type.googleapis.com/google.rpc.QuotaFailure', 'violations': [{'quotaMetric': 'generativelanguage.googleapis.com/generate_content_free_tier_requests', 'quotaId': 'GenerateRequestsPerDayPerProjectPerModel-FreeTier', 'quotaDimensions': {'location': 'global', 'model': 'gemini-3.6-flash'}, 'quotaValue': '20'}]}, {'@type': 'type.googleapis.com/google.rpc.RetryInfo', 'retryDelay': '19s'}]}}

The above exception was the direct cause of the following exception:

Traceback (most recent call last):
  File "C:\Users\Sharath Chandra S\OneDrive\Desktop\app_chatbot\backend\app\api\endpoints\chat.py", line 67, in send_message
    result = nyra_graph.invoke(
        {
    ...<3 lines>...
        config=config
    )
  File "C:\Users\Sharath Chandra S\OneDrive\Desktop\app_chatbot\backend\venv\Lib\site-packages\langgraph\pregel\main.py", line 3913, in invoke
    for chunk in self.stream(
                 ~~~~~~~~~~~^
        input,
        ^^^^^^
    ...<11 lines>...
        **kwargs,
        ^^^^^^^^^
    ):
    ^
  File "C:\Users\Sharath Chandra S\OneDrive\Desktop\app_chatbot\backend\venv\Lib\site-packages\langgraph\pregel\main.py", line 2967, in stream
    for _ in runner.tick(
             ~~~~~~~~~~~^
        [t for t in loop.tasks.values() if not t.writes],
        ^^^^^^^^^^^^^^^^^^^^^^^^^^^^^^^^^^^^^^^^^^^^^^^^^
    ...<2 lines>...
        schedule_task=loop.accept_push,
        ^^^^^^^^^^^^^^^^^^^^^^^^^^^^^^^
    ):
    ^
  File "C:\Users\Sharath Chandra S\OneDrive\Desktop\app_chatbot\backend\venv\Lib\site-packages\langgraph\pregel\_runner.py", line 207, in tick
    run_with_retry(
    ~~~~~~~~~~~~~~^
        t,
        ^^
    ...<10 lines>...
        },
        ^^
    )
    ^
  File "C:\Users\Sharath Chandra S\OneDrive\Desktop\app_chatbot\backend\venv\Lib\site-packages\langgraph\pregel\_retry.py", line 617, in run_with_retry
    return task.proc.invoke(task.input, config)
           ~~~~~~~~~~~~~~~~^^^^^^^^^^^^^^^^^^^^
  File "C:\Users\Sharath Chandra S\OneDrive\Desktop\app_chatbot\backend\venv\Lib\site-packages\langgraph\_internal\_runnable.py", line 684, in invoke
    input = context.run(step.invoke, input, config, **kwargs)
  File "C:\Users\Sharath Chandra S\OneDrive\Desktop\app_chatbot\backend\venv\Lib\site-packages\langgraph\_internal\_runnable.py", line 426, in invoke
    ret = self.func(*args, **kwargs)
  File "C:\Users\Sharath Chandra S\OneDrive\Desktop\app_chatbot\backend\app\graph\graph.py", line 88, in critic_node
    review = evaluator_llm.invoke([system_msg] + messages, config=config)
  File "C:\Users\Sharath Chandra S\OneDrive\Desktop\app_chatbot\backend\venv\Lib\site-packages\langchain_core\runnables\base.py", line 3442, in invoke
    input_ = context.run(step.invoke, input_, config, **kwargs)
  File "C:\Users\Sharath Chandra S\OneDrive\Desktop\app_chatbot\backend\venv\Lib\site-packages\langchain_core\runnables\base.py", line 6002, in invoke
    return self.bound.invoke(
           ~~~~~~~~~~~~~~~~~^
        input,
        ^^^^^^
        self._merge_configs(config),
        ^^^^^^^^^^^^^^^^^^^^^^^^^^^^
        **{**self.kwargs, **kwargs},
        ^^^^^^^^^^^^^^^^^^^^^^^^^^^^
    )
    ^
  File "C:\Users\Sharath Chandra S\OneDrive\Desktop\app_chatbot\backend\venv\Lib\site-packages\langchain_google_genai\chat_models.py", line 2791, in invoke
    return super().invoke(input, config, stop=stop, **kwargs)
           ~~~~~~~~~~~~~~^^^^^^^^^^^^^^^^^^^^^^^^^^^^^^^^^^^^
  File "C:\Users\Sharath Chandra S\OneDrive\Desktop\app_chatbot\backend\venv\Lib\site-packages\langchain_core\language_models\chat_models.py", line 476, in invoke
    self.generate_prompt(
    ~~~~~~~~~~~~~~~~~~~~^
        [self._convert_input(input)],
        ^^^^^^^^^^^^^^^^^^^^^^^^^^^^^
    ...<6 lines>...
        **kwargs,
        ^^^^^^^^^
    ).generations[0][0],
    ^
  File "C:\Users\Sharath Chandra S\OneDrive\Desktop\app_chatbot\backend\venv\Lib\site-packages\langchain_core\language_models\chat_models.py", line 1849, in generate_prompt
    return self.generate(prompt_messages, stop=stop, callbacks=callbacks, **kwargs)
           ~~~~~~~~~~~~~^^^^^^^^^^^^^^^^^^^^^^^^^^^^^^^^^^^^^^^^^^^^^^^^^^^^^^^^^^^
  File "C:\Users\Sharath Chandra S\OneDrive\Desktop\app_chatbot\backend\venv\Lib\site-packages\langchain_core\language_models\chat_models.py", line 1656, in generate
    self._generate_with_cache(
    ~~~~~~~~~~~~~~~~~~~~~~~~~^
        m,
        ^^
    ...<2 lines>...
        **kwargs,
        ^^^^^^^^^
    )
    ^
  File "C:\Users\Sharath Chandra S\OneDrive\Desktop\app_chatbot\backend\venv\Lib\site-packages\langchain_core\language_models\chat_models.py", line 1994, in _generate_with_cache
    result = self._generate(
        messages, stop=stop, run_manager=run_manager, **kwargs
    )
  File "C:\Users\Sharath Chandra S\OneDrive\Desktop\app_chatbot\backend\venv\Lib\site-packages\langchain_google_genai\chat_models.py", line 3383, in _generate
    _handle_client_error(e, request)
    ~~~~~~~~~~~~~~~~~~~~^^^^^^^^^^^^
  File "C:\Users\Sharath Chandra S\OneDrive\Desktop\app_chatbot\backend\venv\Lib\site-packages\langchain_google_genai\chat_models.py", line 177, in _handle_client_error
    raise ChatGoogleGenerativeAIError(msg) from e
langchain_google_genai.chat_models.ChatGoogleGenerativeAIError: Error calling model 'gemini-3.6-flash' (RESOURCE_EXHAUSTED): 429 RESOURCE_EXHAUSTED. {'error': {'code': 429, 'message': 'You exceeded your current quota, please check your plan and billing details. For more information on this error, head to: https://ai.google.dev/gemini-api/docs/rate-limits. To monitor your current usage, head to: https://ai.dev/rate-limit. \n* Quota exceeded for metric: generativelanguage.googleapis.com/generate_content_free_tier_requests, limit: 20, model: gemini-3.6-flash\nPlease retry in 19.368775478s.', 'status': 'RESOURCE_EXHAUSTED', 'details': [{'@type': 'type.googleapis.com/google.rpc.Help', 'links': [{'description': 'Learn more about Gemini API quotas', 'url': 'https://ai.google.dev/gemini-api/docs/rate-limits'}]}, {'@type': 'type.googleapis.com/google.rpc.QuotaFailure', 'violations': [{'quotaMetric': 'generativelanguage.googleapis.com/generate_content_free_tier_requests', 'quotaId': 'GenerateRequestsPerDayPerProjectPerModel-FreeTier', 'quotaDimensions': {'location': 'global', 'model': 'gemini-3.6-flash'}, 'quotaValue': '20'}]}, {'@type': 'type.googleapis.com/google.rpc.RetryInfo', 'retryDelay': '19s'}]}}
During task with name 'critic' and id '05e45741-301f-acea-3538-546bb0428494'


ERROR IN CHAT API:
Traceback (most recent call last):
  File "C:\Users\Sharath Chandra S\OneDrive\Desktop\app_chatbot\backend\venv\Lib\site-packages\langchain_google_genai\chat_models.py", line 3379, in _generate
    response: GenerateContentResponse = self.client.models.generate_content(
                                        ~~~~~~~~~~~~~~~~~~~~~~~~~~~~~~~~~~~^
        **request,
        ^^^^^^^^^^
    )
    ^
  File "C:\Users\Sharath Chandra S\OneDrive\Desktop\app_chatbot\backend\venv\Lib\site-packages\google\genai\models.py", line 6604, in generate_content
    response = self._generate_content(
        model=model, contents=contents, config=parsed_config_to_call
    )
  File "C:\Users\Sharath Chandra S\OneDrive\Desktop\app_chatbot\backend\venv\Lib\site-packages\google\genai\models.py", line 5028, in _generate_content
    response = self._api_client.request(
        'post', path, request_dict, http_options
    )
  File "C:\Users\Sharath Chandra S\OneDrive\Desktop\app_chatbot\backend\venv\Lib\site-packages\google\genai\_api_client.py", line 1708, in request
    response = self._request(http_request, http_options, stream=False)
  File "C:\Users\Sharath Chandra S\OneDrive\Desktop\app_chatbot\backend\venv\Lib\site-packages\google\genai\_api_client.py", line 1493, in _request
    return retry(self._request_once, http_request, stream)  # type: ignore[no-any-return]
  File "C:\Users\Sharath Chandra S\OneDrive\Desktop\app_chatbot\backend\venv\Lib\site-packages\tenacity\__init__.py", line 470, in __call__
    do = self.iter(retry_state=retry_state)
  File "C:\Users\Sharath Chandra S\OneDrive\Desktop\app_chatbot\backend\venv\Lib\site-packages\tenacity\__init__.py", line 371, in iter
    result = action(retry_state)
  File "C:\Users\Sharath Chandra S\OneDrive\Desktop\app_chatbot\backend\venv\Lib\site-packages\tenacity\__init__.py", line 393, in <lambda>
    self._add_action_func(lambda rs: rs.outcome.result())
                                     ~~~~~~~~~~~~~~~~~^^
  File "C:\Program Files\Python314\Lib\concurrent\futures\_base.py", line 443, in result
    return self.__get_result()
           ~~~~~~~~~~~~~~~~~^^
  File "C:\Program Files\Python314\Lib\concurrent\futures\_base.py", line 395, in __get_result
    raise self._exception
  File "C:\Users\Sharath Chandra S\OneDrive\Desktop\app_chatbot\backend\venv\Lib\site-packages\tenacity\__init__.py", line 473, in __call__
    result = fn(*args, **kwargs)
  File "C:\Users\Sharath Chandra S\OneDrive\Desktop\app_chatbot\backend\venv\Lib\site-packages\google\genai\_api_client.py", line 1472, in _request_once
    errors.APIError.raise_for_response(response)
    ~~~~~~~~~~~~~~~~~~~~~~~~~~~~~~~~~~^^^^^^^^^^
  File "C:\Users\Sharath Chandra S\OneDrive\Desktop\app_chatbot\backend\venv\Lib\site-packages\google\genai\errors.py", line 155, in raise_for_response
    cls.raise_error(response.status_code, response_json, response)
    ~~~~~~~~~~~~~~~^^^^^^^^^^^^^^^^^^^^^^^^^^^^^^^^^^^^^^^^^^^^^^^
  File "C:\Users\Sharath Chandra S\OneDrive\Desktop\app_chatbot\backend\venv\Lib\site-packages\google\genai\errors.py", line 184, in raise_error
    raise ClientError(status_code, response_json, response)
google.genai.errors.ClientError: 404 NOT_FOUND. {'error': {'code': 404, 'message': 'models/gemini-1.5-flash is not found for API version v1beta, or is not supported for generateContent. Call ModelService.ListModels to see the list of available models and their supported methods.', 'status': 'NOT_FOUND'}}

The above exception was the direct cause of the following exception:

Traceback (most recent call last):
  File "C:\Users\Sharath Chandra S\OneDrive\Desktop\app_chatbot\backend\app\api\endpoints\chat.py", line 67, in send_message
    result = nyra_graph.invoke(
        {
    ...<3 lines>...
        config=config
    )
  File "C:\Users\Sharath Chandra S\OneDrive\Desktop\app_chatbot\backend\venv\Lib\site-packages\langgraph\pregel\main.py", line 3913, in invoke
    for chunk in self.stream(
                 ~~~~~~~~~~~^
        input,
        ^^^^^^
    ...<11 lines>...
        **kwargs,
        ^^^^^^^^^
    ):
    ^
  File "C:\Users\Sharath Chandra S\OneDrive\Desktop\app_chatbot\backend\venv\Lib\site-packages\langgraph\pregel\main.py", line 2967, in stream
    for _ in runner.tick(
             ~~~~~~~~~~~^
        [t for t in loop.tasks.values() if not t.writes],
        ^^^^^^^^^^^^^^^^^^^^^^^^^^^^^^^^^^^^^^^^^^^^^^^^^
    ...<2 lines>...
        schedule_task=loop.accept_push,
        ^^^^^^^^^^^^^^^^^^^^^^^^^^^^^^^
    ):
    ^
  File "C:\Users\Sharath Chandra S\OneDrive\Desktop\app_chatbot\backend\venv\Lib\site-packages\langgraph\pregel\_runner.py", line 207, in tick
    run_with_retry(
    ~~~~~~~~~~~~~~^
        t,
        ^^
    ...<10 lines>...
        },
        ^^
    )
    ^
  File "C:\Users\Sharath Chandra S\OneDrive\Desktop\app_chatbot\backend\venv\Lib\site-packages\langgraph\pregel\_retry.py", line 617, in run_with_retry
    return task.proc.invoke(task.input, config)
           ~~~~~~~~~~~~~~~~^^^^^^^^^^^^^^^^^^^^
  File "C:\Users\Sharath Chandra S\OneDrive\Desktop\app_chatbot\backend\venv\Lib\site-packages\langgraph\_internal\_runnable.py", line 684, in invoke
    input = context.run(step.invoke, input, config, **kwargs)
  File "C:\Users\Sharath Chandra S\OneDrive\Desktop\app_chatbot\backend\venv\Lib\site-packages\langgraph\_internal\_runnable.py", line 426, in invoke
    ret = self.func(*args, **kwargs)
  File "C:\Users\Sharath Chandra S\OneDrive\Desktop\app_chatbot\backend\app\graph\graph.py", line 44, in supervisor_node
    decision = router_llm.invoke([system_msg] + messages, config=config)
  File "C:\Users\Sharath Chandra S\OneDrive\Desktop\app_chatbot\backend\venv\Lib\site-packages\langchain_core\runnables\base.py", line 3442, in invoke
    input_ = context.run(step.invoke, input_, config, **kwargs)
  File "C:\Users\Sharath Chandra S\OneDrive\Desktop\app_chatbot\backend\venv\Lib\site-packages\langchain_core\runnables\base.py", line 6002, in invoke
    return self.bound.invoke(
           ~~~~~~~~~~~~~~~~~^
        input,
        ^^^^^^
        self._merge_configs(config),
        ^^^^^^^^^^^^^^^^^^^^^^^^^^^^
        **{**self.kwargs, **kwargs},
        ^^^^^^^^^^^^^^^^^^^^^^^^^^^^
    )
    ^
  File "C:\Users\Sharath Chandra S\OneDrive\Desktop\app_chatbot\backend\venv\Lib\site-packages\langchain_google_genai\chat_models.py", line 2791, in invoke
    return super().invoke(input, config, stop=stop, **kwargs)
           ~~~~~~~~~~~~~~^^^^^^^^^^^^^^^^^^^^^^^^^^^^^^^^^^^^
  File "C:\Users\Sharath Chandra S\OneDrive\Desktop\app_chatbot\backend\venv\Lib\site-packages\langchain_core\language_models\chat_models.py", line 476, in invoke
    self.generate_prompt(
    ~~~~~~~~~~~~~~~~~~~~^
        [self._convert_input(input)],
        ^^^^^^^^^^^^^^^^^^^^^^^^^^^^^
    ...<6 lines>...
        **kwargs,
        ^^^^^^^^^
    ).generations[0][0],
    ^
  File "C:\Users\Sharath Chandra S\OneDrive\Desktop\app_chatbot\backend\venv\Lib\site-packages\langchain_core\language_models\chat_models.py", line 1849, in generate_prompt
    return self.generate(prompt_messages, stop=stop, callbacks=callbacks, **kwargs)
           ~~~~~~~~~~~~~^^^^^^^^^^^^^^^^^^^^^^^^^^^^^^^^^^^^^^^^^^^^^^^^^^^^^^^^^^^
  File "C:\Users\Sharath Chandra S\OneDrive\Desktop\app_chatbot\backend\venv\Lib\site-packages\langchain_core\language_models\chat_models.py", line 1656, in generate
    self._generate_with_cache(
    ~~~~~~~~~~~~~~~~~~~~~~~~~^
        m,
        ^^
    ...<2 lines>...
        **kwargs,
        ^^^^^^^^^
    )
    ^
  File "C:\Users\Sharath Chandra S\OneDrive\Desktop\app_chatbot\backend\venv\Lib\site-packages\langchain_core\language_models\chat_models.py", line 1994, in _generate_with_cache
    result = self._generate(
        messages, stop=stop, run_manager=run_manager, **kwargs
    )
  File "C:\Users\Sharath Chandra S\OneDrive\Desktop\app_chatbot\backend\venv\Lib\site-packages\langchain_google_genai\chat_models.py", line 3383, in _generate
    _handle_client_error(e, request)
    ~~~~~~~~~~~~~~~~~~~~^^^^^^^^^^^^
  File "C:\Users\Sharath Chandra S\OneDrive\Desktop\app_chatbot\backend\venv\Lib\site-packages\langchain_google_genai\chat_models.py", line 177, in _handle_client_error
    raise ChatGoogleGenerativeAIError(msg) from e
langchain_google_genai.chat_models.ChatGoogleGenerativeAIError: Error calling model 'gemini-1.5-flash' (NOT_FOUND): 404 NOT_FOUND. {'error': {'code': 404, 'message': 'models/gemini-1.5-flash is not found for API version v1beta, or is not supported for generateContent. Call ModelService.ListModels to see the list of available models and their supported methods.', 'status': 'NOT_FOUND'}}
During task with name 'supervisor' and id 'e39ccf99-74a8-13ad-53f9-d8247248fd04'


ERROR IN CHAT API:
Traceback (most recent call last):
  File "C:\Users\Sharath Chandra S\OneDrive\Desktop\app_chatbot\backend\venv\Lib\site-packages\langchain_google_genai\chat_models.py", line 3379, in _generate
    response: GenerateContentResponse = self.client.models.generate_content(
                                        ~~~~~~~~~~~~~~~~~~~~~~~~~~~~~~~~~~~^
        **request,
        ^^^^^^^^^^
    )
    ^
  File "C:\Users\Sharath Chandra S\OneDrive\Desktop\app_chatbot\backend\venv\Lib\site-packages\google\genai\models.py", line 6604, in generate_content
    response = self._generate_content(
        model=model, contents=contents, config=parsed_config_to_call
    )
  File "C:\Users\Sharath Chandra S\OneDrive\Desktop\app_chatbot\backend\venv\Lib\site-packages\google\genai\models.py", line 5028, in _generate_content
    response = self._api_client.request(
        'post', path, request_dict, http_options
    )
  File "C:\Users\Sharath Chandra S\OneDrive\Desktop\app_chatbot\backend\venv\Lib\site-packages\google\genai\_api_client.py", line 1708, in request
    response = self._request(http_request, http_options, stream=False)
  File "C:\Users\Sharath Chandra S\OneDrive\Desktop\app_chatbot\backend\venv\Lib\site-packages\google\genai\_api_client.py", line 1493, in _request
    return retry(self._request_once, http_request, stream)  # type: ignore[no-any-return]
  File "C:\Users\Sharath Chandra S\OneDrive\Desktop\app_chatbot\backend\venv\Lib\site-packages\tenacity\__init__.py", line 470, in __call__
    do = self.iter(retry_state=retry_state)
  File "C:\Users\Sharath Chandra S\OneDrive\Desktop\app_chatbot\backend\venv\Lib\site-packages\tenacity\__init__.py", line 371, in iter
    result = action(retry_state)
  File "C:\Users\Sharath Chandra S\OneDrive\Desktop\app_chatbot\backend\venv\Lib\site-packages\tenacity\__init__.py", line 393, in <lambda>
    self._add_action_func(lambda rs: rs.outcome.result())
                                     ~~~~~~~~~~~~~~~~~^^
  File "C:\Program Files\Python314\Lib\concurrent\futures\_base.py", line 443, in result
    return self.__get_result()
           ~~~~~~~~~~~~~~~~~^^
  File "C:\Program Files\Python314\Lib\concurrent\futures\_base.py", line 395, in __get_result
    raise self._exception
  File "C:\Users\Sharath Chandra S\OneDrive\Desktop\app_chatbot\backend\venv\Lib\site-packages\tenacity\__init__.py", line 473, in __call__
    result = fn(*args, **kwargs)
  File "C:\Users\Sharath Chandra S\OneDrive\Desktop\app_chatbot\backend\venv\Lib\site-packages\google\genai\_api_client.py", line 1472, in _request_once
    errors.APIError.raise_for_response(response)
    ~~~~~~~~~~~~~~~~~~~~~~~~~~~~~~~~~~^^^^^^^^^^
  File "C:\Users\Sharath Chandra S\OneDrive\Desktop\app_chatbot\backend\venv\Lib\site-packages\google\genai\errors.py", line 155, in raise_for_response
    cls.raise_error(response.status_code, response_json, response)
    ~~~~~~~~~~~~~~~^^^^^^^^^^^^^^^^^^^^^^^^^^^^^^^^^^^^^^^^^^^^^^^
  File "C:\Users\Sharath Chandra S\OneDrive\Desktop\app_chatbot\backend\venv\Lib\site-packages\google\genai\errors.py", line 184, in raise_error
    raise ClientError(status_code, response_json, response)
google.genai.errors.ClientError: 404 NOT_FOUND. {'error': {'code': 404, 'message': 'models/gemini-1.5-flash is not found for API version v1beta, or is not supported for generateContent. Call ModelService.ListModels to see the list of available models and their supported methods.', 'status': 'NOT_FOUND'}}

The above exception was the direct cause of the following exception:

Traceback (most recent call last):
  File "C:\Users\Sharath Chandra S\OneDrive\Desktop\app_chatbot\backend\app\api\endpoints\chat.py", line 67, in send_message
    result = nyra_graph.invoke(
        {
    ...<3 lines>...
        config=config
    )
  File "C:\Users\Sharath Chandra S\OneDrive\Desktop\app_chatbot\backend\venv\Lib\site-packages\langgraph\pregel\main.py", line 3913, in invoke
    for chunk in self.stream(
                 ~~~~~~~~~~~^
        input,
        ^^^^^^
    ...<11 lines>...
        **kwargs,
        ^^^^^^^^^
    ):
    ^
  File "C:\Users\Sharath Chandra S\OneDrive\Desktop\app_chatbot\backend\venv\Lib\site-packages\langgraph\pregel\main.py", line 2967, in stream
    for _ in runner.tick(
             ~~~~~~~~~~~^
        [t for t in loop.tasks.values() if not t.writes],
        ^^^^^^^^^^^^^^^^^^^^^^^^^^^^^^^^^^^^^^^^^^^^^^^^^
    ...<2 lines>...
        schedule_task=loop.accept_push,
        ^^^^^^^^^^^^^^^^^^^^^^^^^^^^^^^
    ):
    ^
  File "C:\Users\Sharath Chandra S\OneDrive\Desktop\app_chatbot\backend\venv\Lib\site-packages\langgraph\pregel\_runner.py", line 207, in tick
    run_with_retry(
    ~~~~~~~~~~~~~~^
        t,
        ^^
    ...<10 lines>...
        },
        ^^
    )
    ^
  File "C:\Users\Sharath Chandra S\OneDrive\Desktop\app_chatbot\backend\venv\Lib\site-packages\langgraph\pregel\_retry.py", line 617, in run_with_retry
    return task.proc.invoke(task.input, config)
           ~~~~~~~~~~~~~~~~^^^^^^^^^^^^^^^^^^^^
  File "C:\Users\Sharath Chandra S\OneDrive\Desktop\app_chatbot\backend\venv\Lib\site-packages\langgraph\_internal\_runnable.py", line 684, in invoke
    input = context.run(step.invoke, input, config, **kwargs)
  File "C:\Users\Sharath Chandra S\OneDrive\Desktop\app_chatbot\backend\venv\Lib\site-packages\langgraph\_internal\_runnable.py", line 426, in invoke
    ret = self.func(*args, **kwargs)
  File "C:\Users\Sharath Chandra S\OneDrive\Desktop\app_chatbot\backend\app\graph\graph.py", line 44, in supervisor_node
    decision = router_llm.invoke([system_msg] + messages, config=config)
  File "C:\Users\Sharath Chandra S\OneDrive\Desktop\app_chatbot\backend\venv\Lib\site-packages\langchain_core\runnables\base.py", line 3442, in invoke
    input_ = context.run(step.invoke, input_, config, **kwargs)
  File "C:\Users\Sharath Chandra S\OneDrive\Desktop\app_chatbot\backend\venv\Lib\site-packages\langchain_core\runnables\base.py", line 6002, in invoke
    return self.bound.invoke(
           ~~~~~~~~~~~~~~~~~^
        input,
        ^^^^^^
        self._merge_configs(config),
        ^^^^^^^^^^^^^^^^^^^^^^^^^^^^
        **{**self.kwargs, **kwargs},
        ^^^^^^^^^^^^^^^^^^^^^^^^^^^^
    )
    ^
  File "C:\Users\Sharath Chandra S\OneDrive\Desktop\app_chatbot\backend\venv\Lib\site-packages\langchain_google_genai\chat_models.py", line 2791, in invoke
    return super().invoke(input, config, stop=stop, **kwargs)
           ~~~~~~~~~~~~~~^^^^^^^^^^^^^^^^^^^^^^^^^^^^^^^^^^^^
  File "C:\Users\Sharath Chandra S\OneDrive\Desktop\app_chatbot\backend\venv\Lib\site-packages\langchain_core\language_models\chat_models.py", line 476, in invoke
    self.generate_prompt(
    ~~~~~~~~~~~~~~~~~~~~^
        [self._convert_input(input)],
        ^^^^^^^^^^^^^^^^^^^^^^^^^^^^^
    ...<6 lines>...
        **kwargs,
        ^^^^^^^^^
    ).generations[0][0],
    ^
  File "C:\Users\Sharath Chandra S\OneDrive\Desktop\app_chatbot\backend\venv\Lib\site-packages\langchain_core\language_models\chat_models.py", line 1849, in generate_prompt
    return self.generate(prompt_messages, stop=stop, callbacks=callbacks, **kwargs)
           ~~~~~~~~~~~~~^^^^^^^^^^^^^^^^^^^^^^^^^^^^^^^^^^^^^^^^^^^^^^^^^^^^^^^^^^^
  File "C:\Users\Sharath Chandra S\OneDrive\Desktop\app_chatbot\backend\venv\Lib\site-packages\langchain_core\language_models\chat_models.py", line 1656, in generate
    self._generate_with_cache(
    ~~~~~~~~~~~~~~~~~~~~~~~~~^
        m,
        ^^
    ...<2 lines>...
        **kwargs,
        ^^^^^^^^^
    )
    ^
  File "C:\Users\Sharath Chandra S\OneDrive\Desktop\app_chatbot\backend\venv\Lib\site-packages\langchain_core\language_models\chat_models.py", line 1994, in _generate_with_cache
    result = self._generate(
        messages, stop=stop, run_manager=run_manager, **kwargs
    )
  File "C:\Users\Sharath Chandra S\OneDrive\Desktop\app_chatbot\backend\venv\Lib\site-packages\langchain_google_genai\chat_models.py", line 3383, in _generate
    _handle_client_error(e, request)
    ~~~~~~~~~~~~~~~~~~~~^^^^^^^^^^^^
  File "C:\Users\Sharath Chandra S\OneDrive\Desktop\app_chatbot\backend\venv\Lib\site-packages\langchain_google_genai\chat_models.py", line 177, in _handle_client_error
    raise ChatGoogleGenerativeAIError(msg) from e
langchain_google_genai.chat_models.ChatGoogleGenerativeAIError: Error calling model 'gemini-1.5-flash' (NOT_FOUND): 404 NOT_FOUND. {'error': {'code': 404, 'message': 'models/gemini-1.5-flash is not found for API version v1beta, or is not supported for generateContent. Call ModelService.ListModels to see the list of available models and their supported methods.', 'status': 'NOT_FOUND'}}
During task with name 'supervisor' and id '39f947ce-8b48-d8a4-ad1c-70b3d9402235'


ERROR IN CHAT API:
Traceback (most recent call last):
  File "C:\Users\Sharath Chandra S\OneDrive\Desktop\app_chatbot\backend\app\api\endpoints\chat.py", line 114, in send_message
    return ChatMessageResponse(
        answer=final_message,
    ...<2 lines>...
        session_id=session_id
    )
  File "C:\Users\Sharath Chandra S\OneDrive\Desktop\app_chatbot\backend\venv\Lib\site-packages\pydantic\main.py", line 263, in __init__
    validated_self = self.__pydantic_validator__.validate_python(data, self_instance=self)
pydantic_core._pydantic_core.ValidationError: 1 validation error for ChatMessageResponse
session_id
  Input should be a valid integer [type=int_type, input_value=UUID('3d1a7049-393d-42f2-b678-df22563b0369'), input_type=UUID]
    For further information visit https://errors.pydantic.dev/2.13/v/int_type


ERROR IN CHAT API:
Traceback (most recent call last):
  File "C:\Users\Sharath Chandra S\OneDrive\Desktop\app_chatbot\backend\app\api\endpoints\chat.py", line 114, in send_message
    return ChatMessageResponse(
        answer=final_message,
    ...<2 lines>...
        session_id=session_id
    )
  File "C:\Users\Sharath Chandra S\OneDrive\Desktop\app_chatbot\backend\venv\Lib\site-packages\pydantic\main.py", line 263, in __init__
    validated_self = self.__pydantic_validator__.validate_python(data, self_instance=self)
pydantic_core._pydantic_core.ValidationError: 1 validation error for ChatMessageResponse
session_id
  Input should be a valid integer [type=int_type, input_value=UUID('f3b7d4a4-0a06-442e-a98f-46440a18aa9a'), input_type=UUID]
    For further information visit https://errors.pydantic.dev/2.13/v/int_type


ERROR IN CHAT API:
Traceback (most recent call last):
  File "C:\Users\Sharath Chandra S\OneDrive\Desktop\app_chatbot\backend\app\api\endpoints\chat.py", line 114, in send_message
    return ChatMessageResponse(
        answer=final_message,
    ...<2 lines>...
        session_id=session_id
    )
  File "C:\Users\Sharath Chandra S\OneDrive\Desktop\app_chatbot\backend\venv\Lib\site-packages\pydantic\main.py", line 263, in __init__
    validated_self = self.__pydantic_validator__.validate_python(data, self_instance=self)
pydantic_core._pydantic_core.ValidationError: 1 validation error for ChatMessageResponse
session_id
  Input should be a valid integer [type=int_type, input_value=UUID('e71efabc-ca33-492c-9e3c-d6387d4a4eca'), input_type=UUID]
    For further information visit https://errors.pydantic.dev/2.13/v/int_type


ERROR IN CHAT API:
Traceback (most recent call last):
  File "C:\Users\Sharath Chandra S\OneDrive\Desktop\app_chatbot\backend\app\api\endpoints\chat.py", line 114, in send_message
    return ChatMessageResponse(
        answer=final_message,
    ...<2 lines>...
        session_id=session_id
    )
  File "C:\Users\Sharath Chandra S\OneDrive\Desktop\app_chatbot\backend\venv\Lib\site-packages\pydantic\main.py", line 263, in __init__
    validated_self = self.__pydantic_validator__.validate_python(data, self_instance=self)
pydantic_core._pydantic_core.ValidationError: 1 validation error for ChatMessageResponse
session_id
  Input should be a valid string [type=string_type, input_value=UUID('e9f71eee-97b6-4dfb-b4d0-43a9dec23d8f'), input_type=UUID]
    For further information visit https://errors.pydantic.dev/2.13/v/string_type


ERROR IN CHAT API:
Traceback (most recent call last):
  File "C:\Users\Sharath Chandra S\OneDrive\Desktop\app_chatbot\backend\app\api\endpoints\chat.py", line 114, in send_message
    return ChatMessageResponse(
        answer=final_message,
    ...<2 lines>...
        session_id=session_id
    )
  File "C:\Users\Sharath Chandra S\OneDrive\Desktop\app_chatbot\backend\venv\Lib\site-packages\pydantic\main.py", line 263, in __init__
    validated_self = self.__pydantic_validator__.validate_python(data, self_instance=self)
pydantic_core._pydantic_core.ValidationError: 1 validation error for ChatMessageResponse
session_id
  Input should be a valid string [type=string_type, input_value=UUID('dc4e6d35-e890-46af-be7d-17748a641592'), input_type=UUID]
    For further information visit https://errors.pydantic.dev/2.13/v/string_type


ERROR IN CHAT API:
Traceback (most recent call last):
  File "C:\Users\Sharath Chandra S\OneDrive\Desktop\app_chatbot\backend\venv\Lib\site-packages\langchain_google_genai\chat_models.py", line 3379, in _generate
    response: GenerateContentResponse = self.client.models.generate_content(
                                        ~~~~~~~~~~~~~~~~~~~~~~~~~~~~~~~~~~~^
        **request,
        ^^^^^^^^^^
    )
    ^
  File "C:\Users\Sharath Chandra S\OneDrive\Desktop\app_chatbot\backend\venv\Lib\site-packages\google\genai\models.py", line 6604, in generate_content
    response = self._generate_content(
        model=model, contents=contents, config=parsed_config_to_call
    )
  File "C:\Users\Sharath Chandra S\OneDrive\Desktop\app_chatbot\backend\venv\Lib\site-packages\google\genai\models.py", line 5028, in _generate_content
    response = self._api_client.request(
        'post', path, request_dict, http_options
    )
  File "C:\Users\Sharath Chandra S\OneDrive\Desktop\app_chatbot\backend\venv\Lib\site-packages\google\genai\_api_client.py", line 1708, in request
    response = self._request(http_request, http_options, stream=False)
  File "C:\Users\Sharath Chandra S\OneDrive\Desktop\app_chatbot\backend\venv\Lib\site-packages\google\genai\_api_client.py", line 1493, in _request
    return retry(self._request_once, http_request, stream)  # type: ignore[no-any-return]
  File "C:\Users\Sharath Chandra S\OneDrive\Desktop\app_chatbot\backend\venv\Lib\site-packages\tenacity\__init__.py", line 470, in __call__
    do = self.iter(retry_state=retry_state)
  File "C:\Users\Sharath Chandra S\OneDrive\Desktop\app_chatbot\backend\venv\Lib\site-packages\tenacity\__init__.py", line 371, in iter
    result = action(retry_state)
  File "C:\Users\Sharath Chandra S\OneDrive\Desktop\app_chatbot\backend\venv\Lib\site-packages\tenacity\__init__.py", line 413, in exc_check
    raise retry_exc.reraise()
          ~~~~~~~~~~~~~~~~~^^
  File "C:\Users\Sharath Chandra S\OneDrive\Desktop\app_chatbot\backend\venv\Lib\site-packages\tenacity\__init__.py", line 184, in reraise
    raise self.last_attempt.result()
          ~~~~~~~~~~~~~~~~~~~~~~~~^^
  File "C:\Program Files\Python314\Lib\concurrent\futures\_base.py", line 443, in result
    return self.__get_result()
           ~~~~~~~~~~~~~~~~~^^
  File "C:\Program Files\Python314\Lib\concurrent\futures\_base.py", line 395, in __get_result
    raise self._exception
  File "C:\Users\Sharath Chandra S\OneDrive\Desktop\app_chatbot\backend\venv\Lib\site-packages\tenacity\__init__.py", line 473, in __call__
    result = fn(*args, **kwargs)
  File "C:\Users\Sharath Chandra S\OneDrive\Desktop\app_chatbot\backend\venv\Lib\site-packages\google\genai\_api_client.py", line 1472, in _request_once
    errors.APIError.raise_for_response(response)
    ~~~~~~~~~~~~~~~~~~~~~~~~~~~~~~~~~~^^^^^^^^^^
  File "C:\Users\Sharath Chandra S\OneDrive\Desktop\app_chatbot\backend\venv\Lib\site-packages\google\genai\errors.py", line 155, in raise_for_response
    cls.raise_error(response.status_code, response_json, response)
    ~~~~~~~~~~~~~~~^^^^^^^^^^^^^^^^^^^^^^^^^^^^^^^^^^^^^^^^^^^^^^^
  File "C:\Users\Sharath Chandra S\OneDrive\Desktop\app_chatbot\backend\venv\Lib\site-packages\google\genai\errors.py", line 184, in raise_error
    raise ClientError(status_code, response_json, response)
google.genai.errors.ClientError: 429 RESOURCE_EXHAUSTED. {'error': {'code': 429, 'message': 'You exceeded your current quota, please check your plan and billing details. For more information on this error, head to: https://ai.google.dev/gemini-api/docs/rate-limits. To monitor your current usage, head to: https://ai.dev/rate-limit. \n* Quota exceeded for metric: generativelanguage.googleapis.com/generate_content_free_tier_requests, limit: 20, model: gemini-3.5-flash\nPlease retry in 55.300819566s.', 'status': 'RESOURCE_EXHAUSTED', 'details': [{'@type': 'type.googleapis.com/google.rpc.Help', 'links': [{'description': 'Learn more about Gemini API quotas', 'url': 'https://ai.google.dev/gemini-api/docs/rate-limits'}]}, {'@type': 'type.googleapis.com/google.rpc.QuotaFailure', 'violations': [{'quotaMetric': 'generativelanguage.googleapis.com/generate_content_free_tier_requests', 'quotaId': 'GenerateRequestsPerDayPerProjectPerModel-FreeTier', 'quotaDimensions': {'location': 'global', 'model': 'gemini-3.5-flash'}, 'quotaValue': '20'}]}, {'@type': 'type.googleapis.com/google.rpc.RetryInfo', 'retryDelay': '55s'}]}}

The above exception was the direct cause of the following exception:

Traceback (most recent call last):
  File "C:\Users\Sharath Chandra S\OneDrive\Desktop\app_chatbot\backend\app\api\endpoints\chat.py", line 68, in send_message
    result = nyra_graph.invoke(
        {
    ...<3 lines>...
        config=config
    )
  File "C:\Users\Sharath Chandra S\OneDrive\Desktop\app_chatbot\backend\venv\Lib\site-packages\langgraph\pregel\main.py", line 3913, in invoke
    for chunk in self.stream(
                 ~~~~~~~~~~~^
        input,
        ^^^^^^
    ...<11 lines>...
        **kwargs,
        ^^^^^^^^^
    ):
    ^
  File "C:\Users\Sharath Chandra S\OneDrive\Desktop\app_chatbot\backend\venv\Lib\site-packages\langgraph\pregel\main.py", line 2967, in stream
    for _ in runner.tick(
             ~~~~~~~~~~~^
        [t for t in loop.tasks.values() if not t.writes],
        ^^^^^^^^^^^^^^^^^^^^^^^^^^^^^^^^^^^^^^^^^^^^^^^^^
    ...<2 lines>...
        schedule_task=loop.accept_push,
        ^^^^^^^^^^^^^^^^^^^^^^^^^^^^^^^
    ):
    ^
  File "C:\Users\Sharath Chandra S\OneDrive\Desktop\app_chatbot\backend\venv\Lib\site-packages\langgraph\pregel\_runner.py", line 207, in tick
    run_with_retry(
    ~~~~~~~~~~~~~~^
        t,
        ^^
    ...<10 lines>...
        },
        ^^
    )
    ^
  File "C:\Users\Sharath Chandra S\OneDrive\Desktop\app_chatbot\backend\venv\Lib\site-packages\langgraph\pregel\_retry.py", line 617, in run_with_retry
    return task.proc.invoke(task.input, config)
           ~~~~~~~~~~~~~~~~^^^^^^^^^^^^^^^^^^^^
  File "C:\Users\Sharath Chandra S\OneDrive\Desktop\app_chatbot\backend\venv\Lib\site-packages\langgraph\_internal\_runnable.py", line 684, in invoke
    input = context.run(step.invoke, input, config, **kwargs)
  File "C:\Users\Sharath Chandra S\OneDrive\Desktop\app_chatbot\backend\venv\Lib\site-packages\langgraph\_internal\_runnable.py", line 426, in invoke
    ret = self.func(*args, **kwargs)
  File "C:\Users\Sharath Chandra S\OneDrive\Desktop\app_chatbot\backend\app\graph\graph.py", line 88, in critic_node
    review = evaluator_llm.invoke([system_msg] + messages, config=config)
  File "C:\Users\Sharath Chandra S\OneDrive\Desktop\app_chatbot\backend\venv\Lib\site-packages\langchain_core\runnables\base.py", line 3442, in invoke
    input_ = context.run(step.invoke, input_, config, **kwargs)
  File "C:\Users\Sharath Chandra S\OneDrive\Desktop\app_chatbot\backend\venv\Lib\site-packages\langchain_core\runnables\base.py", line 6002, in invoke
    return self.bound.invoke(
           ~~~~~~~~~~~~~~~~~^
        input,
        ^^^^^^
        self._merge_configs(config),
        ^^^^^^^^^^^^^^^^^^^^^^^^^^^^
        **{**self.kwargs, **kwargs},
        ^^^^^^^^^^^^^^^^^^^^^^^^^^^^
    )
    ^
  File "C:\Users\Sharath Chandra S\OneDrive\Desktop\app_chatbot\backend\venv\Lib\site-packages\langchain_google_genai\chat_models.py", line 2791, in invoke
    return super().invoke(input, config, stop=stop, **kwargs)
           ~~~~~~~~~~~~~~^^^^^^^^^^^^^^^^^^^^^^^^^^^^^^^^^^^^
  File "C:\Users\Sharath Chandra S\OneDrive\Desktop\app_chatbot\backend\venv\Lib\site-packages\langchain_core\language_models\chat_models.py", line 476, in invoke
    self.generate_prompt(
    ~~~~~~~~~~~~~~~~~~~~^
        [self._convert_input(input)],
        ^^^^^^^^^^^^^^^^^^^^^^^^^^^^^
    ...<6 lines>...
        **kwargs,
        ^^^^^^^^^
    ).generations[0][0],
    ^
  File "C:\Users\Sharath Chandra S\OneDrive\Desktop\app_chatbot\backend\venv\Lib\site-packages\langchain_core\language_models\chat_models.py", line 1849, in generate_prompt
    return self.generate(prompt_messages, stop=stop, callbacks=callbacks, **kwargs)
           ~~~~~~~~~~~~~^^^^^^^^^^^^^^^^^^^^^^^^^^^^^^^^^^^^^^^^^^^^^^^^^^^^^^^^^^^
  File "C:\Users\Sharath Chandra S\OneDrive\Desktop\app_chatbot\backend\venv\Lib\site-packages\langchain_core\language_models\chat_models.py", line 1656, in generate
    self._generate_with_cache(
    ~~~~~~~~~~~~~~~~~~~~~~~~~^
        m,
        ^^
    ...<2 lines>...
        **kwargs,
        ^^^^^^^^^
    )
    ^
  File "C:\Users\Sharath Chandra S\OneDrive\Desktop\app_chatbot\backend\venv\Lib\site-packages\langchain_core\language_models\chat_models.py", line 1994, in _generate_with_cache
    result = self._generate(
        messages, stop=stop, run_manager=run_manager, **kwargs
    )
  File "C:\Users\Sharath Chandra S\OneDrive\Desktop\app_chatbot\backend\venv\Lib\site-packages\langchain_google_genai\chat_models.py", line 3383, in _generate
    _handle_client_error(e, request)
    ~~~~~~~~~~~~~~~~~~~~^^^^^^^^^^^^
  File "C:\Users\Sharath Chandra S\OneDrive\Desktop\app_chatbot\backend\venv\Lib\site-packages\langchain_google_genai\chat_models.py", line 177, in _handle_client_error
    raise ChatGoogleGenerativeAIError(msg) from e
langchain_google_genai.chat_models.ChatGoogleGenerativeAIError: Error calling model 'gemini-3.5-flash' (RESOURCE_EXHAUSTED): 429 RESOURCE_EXHAUSTED. {'error': {'code': 429, 'message': 'You exceeded your current quota, please check your plan and billing details. For more information on this error, head to: https://ai.google.dev/gemini-api/docs/rate-limits. To monitor your current usage, head to: https://ai.dev/rate-limit. \n* Quota exceeded for metric: generativelanguage.googleapis.com/generate_content_free_tier_requests, limit: 20, model: gemini-3.5-flash\nPlease retry in 55.300819566s.', 'status': 'RESOURCE_EXHAUSTED', 'details': [{'@type': 'type.googleapis.com/google.rpc.Help', 'links': [{'description': 'Learn more about Gemini API quotas', 'url': 'https://ai.google.dev/gemini-api/docs/rate-limits'}]}, {'@type': 'type.googleapis.com/google.rpc.QuotaFailure', 'violations': [{'quotaMetric': 'generativelanguage.googleapis.com/generate_content_free_tier_requests', 'quotaId': 'GenerateRequestsPerDayPerProjectPerModel-FreeTier', 'quotaDimensions': {'location': 'global', 'model': 'gemini-3.5-flash'}, 'quotaValue': '20'}]}, {'@type': 'type.googleapis.com/google.rpc.RetryInfo', 'retryDelay': '55s'}]}}
During task with name 'critic' and id 'd7b4be27-5edd-f44a-4e02-bf41ffb73e1c'


ERROR IN CHAT API:
Traceback (most recent call last):
  File "C:\Users\Sharath Chandra S\OneDrive\Desktop\app_chatbot\backend\venv\Lib\site-packages\langchain_google_genai\chat_models.py", line 3379, in _generate
    response: GenerateContentResponse = self.client.models.generate_content(
                                        ~~~~~~~~~~~~~~~~~~~~~~~~~~~~~~~~~~~^
        **request,
        ^^^^^^^^^^
    )
    ^
  File "C:\Users\Sharath Chandra S\OneDrive\Desktop\app_chatbot\backend\venv\Lib\site-packages\google\genai\models.py", line 6604, in generate_content
    response = self._generate_content(
        model=model, contents=contents, config=parsed_config_to_call
    )
  File "C:\Users\Sharath Chandra S\OneDrive\Desktop\app_chatbot\backend\venv\Lib\site-packages\google\genai\models.py", line 5028, in _generate_content
    response = self._api_client.request(
        'post', path, request_dict, http_options
    )
  File "C:\Users\Sharath Chandra S\OneDrive\Desktop\app_chatbot\backend\venv\Lib\site-packages\google\genai\_api_client.py", line 1708, in request
    response = self._request(http_request, http_options, stream=False)
  File "C:\Users\Sharath Chandra S\OneDrive\Desktop\app_chatbot\backend\venv\Lib\site-packages\google\genai\_api_client.py", line 1493, in _request
    return retry(self._request_once, http_request, stream)  # type: ignore[no-any-return]
  File "C:\Users\Sharath Chandra S\OneDrive\Desktop\app_chatbot\backend\venv\Lib\site-packages\tenacity\__init__.py", line 470, in __call__
    do = self.iter(retry_state=retry_state)
  File "C:\Users\Sharath Chandra S\OneDrive\Desktop\app_chatbot\backend\venv\Lib\site-packages\tenacity\__init__.py", line 371, in iter
    result = action(retry_state)
  File "C:\Users\Sharath Chandra S\OneDrive\Desktop\app_chatbot\backend\venv\Lib\site-packages\tenacity\__init__.py", line 413, in exc_check
    raise retry_exc.reraise()
          ~~~~~~~~~~~~~~~~~^^
  File "C:\Users\Sharath Chandra S\OneDrive\Desktop\app_chatbot\backend\venv\Lib\site-packages\tenacity\__init__.py", line 184, in reraise
    raise self.last_attempt.result()
          ~~~~~~~~~~~~~~~~~~~~~~~~^^
  File "C:\Program Files\Python314\Lib\concurrent\futures\_base.py", line 443, in result
    return self.__get_result()
           ~~~~~~~~~~~~~~~~~^^
  File "C:\Program Files\Python314\Lib\concurrent\futures\_base.py", line 395, in __get_result
    raise self._exception
  File "C:\Users\Sharath Chandra S\OneDrive\Desktop\app_chatbot\backend\venv\Lib\site-packages\tenacity\__init__.py", line 473, in __call__
    result = fn(*args, **kwargs)
  File "C:\Users\Sharath Chandra S\OneDrive\Desktop\app_chatbot\backend\venv\Lib\site-packages\google\genai\_api_client.py", line 1472, in _request_once
    errors.APIError.raise_for_response(response)
    ~~~~~~~~~~~~~~~~~~~~~~~~~~~~~~~~~~^^^^^^^^^^
  File "C:\Users\Sharath Chandra S\OneDrive\Desktop\app_chatbot\backend\venv\Lib\site-packages\google\genai\errors.py", line 155, in raise_for_response
    cls.raise_error(response.status_code, response_json, response)
    ~~~~~~~~~~~~~~~^^^^^^^^^^^^^^^^^^^^^^^^^^^^^^^^^^^^^^^^^^^^^^^
  File "C:\Users\Sharath Chandra S\OneDrive\Desktop\app_chatbot\backend\venv\Lib\site-packages\google\genai\errors.py", line 184, in raise_error
    raise ClientError(status_code, response_json, response)
google.genai.errors.ClientError: 429 RESOURCE_EXHAUSTED. {'error': {'code': 429, 'message': 'You exceeded your current quota, please check your plan and billing details. For more information on this error, head to: https://ai.google.dev/gemini-api/docs/rate-limits. To monitor your current usage, head to: https://ai.dev/rate-limit. \n* Quota exceeded for metric: generativelanguage.googleapis.com/generate_content_free_tier_requests, limit: 20, model: gemini-3.5-flash\nPlease retry in 46.648752968s.', 'status': 'RESOURCE_EXHAUSTED', 'details': [{'@type': 'type.googleapis.com/google.rpc.Help', 'links': [{'description': 'Learn more about Gemini API quotas', 'url': 'https://ai.google.dev/gemini-api/docs/rate-limits'}]}, {'@type': 'type.googleapis.com/google.rpc.QuotaFailure', 'violations': [{'quotaMetric': 'generativelanguage.googleapis.com/generate_content_free_tier_requests', 'quotaId': 'GenerateRequestsPerDayPerProjectPerModel-FreeTier', 'quotaDimensions': {'location': 'global', 'model': 'gemini-3.5-flash'}, 'quotaValue': '20'}]}, {'@type': 'type.googleapis.com/google.rpc.RetryInfo', 'retryDelay': '46s'}]}}

The above exception was the direct cause of the following exception:

Traceback (most recent call last):
  File "C:\Users\Sharath Chandra S\OneDrive\Desktop\app_chatbot\backend\app\api\endpoints\chat.py", line 68, in send_message
    result = nyra_graph.invoke(
        {
    ...<3 lines>...
        config=config
    )
  File "C:\Users\Sharath Chandra S\OneDrive\Desktop\app_chatbot\backend\venv\Lib\site-packages\langgraph\pregel\main.py", line 3913, in invoke
    for chunk in self.stream(
                 ~~~~~~~~~~~^
        input,
        ^^^^^^
    ...<11 lines>...
        **kwargs,
        ^^^^^^^^^
    ):
    ^
  File "C:\Users\Sharath Chandra S\OneDrive\Desktop\app_chatbot\backend\venv\Lib\site-packages\langgraph\pregel\main.py", line 2967, in stream
    for _ in runner.tick(
             ~~~~~~~~~~~^
        [t for t in loop.tasks.values() if not t.writes],
        ^^^^^^^^^^^^^^^^^^^^^^^^^^^^^^^^^^^^^^^^^^^^^^^^^
    ...<2 lines>...
        schedule_task=loop.accept_push,
        ^^^^^^^^^^^^^^^^^^^^^^^^^^^^^^^
    ):
    ^
  File "C:\Users\Sharath Chandra S\OneDrive\Desktop\app_chatbot\backend\venv\Lib\site-packages\langgraph\pregel\_runner.py", line 207, in tick
    run_with_retry(
    ~~~~~~~~~~~~~~^
        t,
        ^^
    ...<10 lines>...
        },
        ^^
    )
    ^
  File "C:\Users\Sharath Chandra S\OneDrive\Desktop\app_chatbot\backend\venv\Lib\site-packages\langgraph\pregel\_retry.py", line 617, in run_with_retry
    return task.proc.invoke(task.input, config)
           ~~~~~~~~~~~~~~~~^^^^^^^^^^^^^^^^^^^^
  File "C:\Users\Sharath Chandra S\OneDrive\Desktop\app_chatbot\backend\venv\Lib\site-packages\langgraph\_internal\_runnable.py", line 684, in invoke
    input = context.run(step.invoke, input, config, **kwargs)
  File "C:\Users\Sharath Chandra S\OneDrive\Desktop\app_chatbot\backend\venv\Lib\site-packages\langgraph\_internal\_runnable.py", line 426, in invoke
    ret = self.func(*args, **kwargs)
  File "C:\Users\Sharath Chandra S\OneDrive\Desktop\app_chatbot\backend\app\graph\graph.py", line 44, in supervisor_node
    decision = router_llm.invoke([system_msg] + messages, config=config)
  File "C:\Users\Sharath Chandra S\OneDrive\Desktop\app_chatbot\backend\venv\Lib\site-packages\langchain_core\runnables\base.py", line 3442, in invoke
    input_ = context.run(step.invoke, input_, config, **kwargs)
  File "C:\Users\Sharath Chandra S\OneDrive\Desktop\app_chatbot\backend\venv\Lib\site-packages\langchain_core\runnables\base.py", line 6002, in invoke
    return self.bound.invoke(
           ~~~~~~~~~~~~~~~~~^
        input,
        ^^^^^^
        self._merge_configs(config),
        ^^^^^^^^^^^^^^^^^^^^^^^^^^^^
        **{**self.kwargs, **kwargs},
        ^^^^^^^^^^^^^^^^^^^^^^^^^^^^
    )
    ^
  File "C:\Users\Sharath Chandra S\OneDrive\Desktop\app_chatbot\backend\venv\Lib\site-packages\langchain_google_genai\chat_models.py", line 2791, in invoke
    return super().invoke(input, config, stop=stop, **kwargs)
           ~~~~~~~~~~~~~~^^^^^^^^^^^^^^^^^^^^^^^^^^^^^^^^^^^^
  File "C:\Users\Sharath Chandra S\OneDrive\Desktop\app_chatbot\backend\venv\Lib\site-packages\langchain_core\language_models\chat_models.py", line 476, in invoke
    self.generate_prompt(
    ~~~~~~~~~~~~~~~~~~~~^
        [self._convert_input(input)],
        ^^^^^^^^^^^^^^^^^^^^^^^^^^^^^
    ...<6 lines>...
        **kwargs,
        ^^^^^^^^^
    ).generations[0][0],
    ^
  File "C:\Users\Sharath Chandra S\OneDrive\Desktop\app_chatbot\backend\venv\Lib\site-packages\langchain_core\language_models\chat_models.py", line 1849, in generate_prompt
    return self.generate(prompt_messages, stop=stop, callbacks=callbacks, **kwargs)
           ~~~~~~~~~~~~~^^^^^^^^^^^^^^^^^^^^^^^^^^^^^^^^^^^^^^^^^^^^^^^^^^^^^^^^^^^
  File "C:\Users\Sharath Chandra S\OneDrive\Desktop\app_chatbot\backend\venv\Lib\site-packages\langchain_core\language_models\chat_models.py", line 1656, in generate
    self._generate_with_cache(
    ~~~~~~~~~~~~~~~~~~~~~~~~~^
        m,
        ^^
    ...<2 lines>...
        **kwargs,
        ^^^^^^^^^
    )
    ^
  File "C:\Users\Sharath Chandra S\OneDrive\Desktop\app_chatbot\backend\venv\Lib\site-packages\langchain_core\language_models\chat_models.py", line 1994, in _generate_with_cache
    result = self._generate(
        messages, stop=stop, run_manager=run_manager, **kwargs
    )
  File "C:\Users\Sharath Chandra S\OneDrive\Desktop\app_chatbot\backend\venv\Lib\site-packages\langchain_google_genai\chat_models.py", line 3383, in _generate
    _handle_client_error(e, request)
    ~~~~~~~~~~~~~~~~~~~~^^^^^^^^^^^^
  File "C:\Users\Sharath Chandra S\OneDrive\Desktop\app_chatbot\backend\venv\Lib\site-packages\langchain_google_genai\chat_models.py", line 177, in _handle_client_error
    raise ChatGoogleGenerativeAIError(msg) from e
langchain_google_genai.chat_models.ChatGoogleGenerativeAIError: Error calling model 'gemini-3.5-flash' (RESOURCE_EXHAUSTED): 429 RESOURCE_EXHAUSTED. {'error': {'code': 429, 'message': 'You exceeded your current quota, please check your plan and billing details. For more information on this error, head to: https://ai.google.dev/gemini-api/docs/rate-limits. To monitor your current usage, head to: https://ai.dev/rate-limit. \n* Quota exceeded for metric: generativelanguage.googleapis.com/generate_content_free_tier_requests, limit: 20, model: gemini-3.5-flash\nPlease retry in 46.648752968s.', 'status': 'RESOURCE_EXHAUSTED', 'details': [{'@type': 'type.googleapis.com/google.rpc.Help', 'links': [{'description': 'Learn more about Gemini API quotas', 'url': 'https://ai.google.dev/gemini-api/docs/rate-limits'}]}, {'@type': 'type.googleapis.com/google.rpc.QuotaFailure', 'violations': [{'quotaMetric': 'generativelanguage.googleapis.com/generate_content_free_tier_requests', 'quotaId': 'GenerateRequestsPerDayPerProjectPerModel-FreeTier', 'quotaDimensions': {'location': 'global', 'model': 'gemini-3.5-flash'}, 'quotaValue': '20'}]}, {'@type': 'type.googleapis.com/google.rpc.RetryInfo', 'retryDelay': '46s'}]}}
During task with name 'supervisor' and id '000b16bb-31f1-4022-8a70-c7b08ac04129'


ERROR IN CHAT API:
Traceback (most recent call last):
  File "C:\Users\Sharath Chandra S\OneDrive\Desktop\app_chatbot\backend\venv\Lib\site-packages\langchain_google_genai\chat_models.py", line 3379, in _generate
    response: GenerateContentResponse = self.client.models.generate_content(
                                        ~~~~~~~~~~~~~~~~~~~~~~~~~~~~~~~~~~~^
        **request,
        ^^^^^^^^^^
    )
    ^
  File "C:\Users\Sharath Chandra S\OneDrive\Desktop\app_chatbot\backend\venv\Lib\site-packages\google\genai\models.py", line 6604, in generate_content
    response = self._generate_content(
        model=model, contents=contents, config=parsed_config_to_call
    )
  File "C:\Users\Sharath Chandra S\OneDrive\Desktop\app_chatbot\backend\venv\Lib\site-packages\google\genai\models.py", line 5028, in _generate_content
    response = self._api_client.request(
        'post', path, request_dict, http_options
    )
  File "C:\Users\Sharath Chandra S\OneDrive\Desktop\app_chatbot\backend\venv\Lib\site-packages\google\genai\_api_client.py", line 1708, in request
    response = self._request(http_request, http_options, stream=False)
  File "C:\Users\Sharath Chandra S\OneDrive\Desktop\app_chatbot\backend\venv\Lib\site-packages\google\genai\_api_client.py", line 1493, in _request
    return retry(self._request_once, http_request, stream)  # type: ignore[no-any-return]
  File "C:\Users\Sharath Chandra S\OneDrive\Desktop\app_chatbot\backend\venv\Lib\site-packages\tenacity\__init__.py", line 470, in __call__
    do = self.iter(retry_state=retry_state)
  File "C:\Users\Sharath Chandra S\OneDrive\Desktop\app_chatbot\backend\venv\Lib\site-packages\tenacity\__init__.py", line 371, in iter
    result = action(retry_state)
  File "C:\Users\Sharath Chandra S\OneDrive\Desktop\app_chatbot\backend\venv\Lib\site-packages\tenacity\__init__.py", line 393, in <lambda>
    self._add_action_func(lambda rs: rs.outcome.result())
                                     ~~~~~~~~~~~~~~~~~^^
  File "C:\Program Files\Python314\Lib\concurrent\futures\_base.py", line 443, in result
    return self.__get_result()
           ~~~~~~~~~~~~~~~~~^^
  File "C:\Program Files\Python314\Lib\concurrent\futures\_base.py", line 395, in __get_result
    raise self._exception
  File "C:\Users\Sharath Chandra S\OneDrive\Desktop\app_chatbot\backend\venv\Lib\site-packages\tenacity\__init__.py", line 473, in __call__
    result = fn(*args, **kwargs)
  File "C:\Users\Sharath Chandra S\OneDrive\Desktop\app_chatbot\backend\venv\Lib\site-packages\google\genai\_api_client.py", line 1472, in _request_once
    errors.APIError.raise_for_response(response)
    ~~~~~~~~~~~~~~~~~~~~~~~~~~~~~~~~~~^^^^^^^^^^
  File "C:\Users\Sharath Chandra S\OneDrive\Desktop\app_chatbot\backend\venv\Lib\site-packages\google\genai\errors.py", line 155, in raise_for_response
    cls.raise_error(response.status_code, response_json, response)
    ~~~~~~~~~~~~~~~^^^^^^^^^^^^^^^^^^^^^^^^^^^^^^^^^^^^^^^^^^^^^^^
  File "C:\Users\Sharath Chandra S\OneDrive\Desktop\app_chatbot\backend\venv\Lib\site-packages\google\genai\errors.py", line 184, in raise_error
    raise ClientError(status_code, response_json, response)
google.genai.errors.ClientError: 404 NOT_FOUND. {'error': {'code': 404, 'message': 'This model models/gemini-2.5-flash is no longer available to new users. Please update your code to use a newer model for the latest features and improvements. We recommend you to use the Interactions API (https://ai.google.dev/gemini-api/docs/migrate-to-interactions).', 'status': 'NOT_FOUND'}}

The above exception was the direct cause of the following exception:

Traceback (most recent call last):
  File "C:\Users\Sharath Chandra S\OneDrive\Desktop\app_chatbot\backend\app\api\endpoints\chat.py", line 68, in send_message
    result = nyra_graph.invoke(
        {
    ...<3 lines>...
        config=config
    )
  File "C:\Users\Sharath Chandra S\OneDrive\Desktop\app_chatbot\backend\venv\Lib\site-packages\langgraph\pregel\main.py", line 3913, in invoke
    for chunk in self.stream(
                 ~~~~~~~~~~~^
        input,
        ^^^^^^
    ...<11 lines>...
        **kwargs,
        ^^^^^^^^^
    ):
    ^
  File "C:\Users\Sharath Chandra S\OneDrive\Desktop\app_chatbot\backend\venv\Lib\site-packages\langgraph\pregel\main.py", line 2967, in stream
    for _ in runner.tick(
             ~~~~~~~~~~~^
        [t for t in loop.tasks.values() if not t.writes],
        ^^^^^^^^^^^^^^^^^^^^^^^^^^^^^^^^^^^^^^^^^^^^^^^^^
    ...<2 lines>...
        schedule_task=loop.accept_push,
        ^^^^^^^^^^^^^^^^^^^^^^^^^^^^^^^
    ):
    ^
  File "C:\Users\Sharath Chandra S\OneDrive\Desktop\app_chatbot\backend\venv\Lib\site-packages\langgraph\pregel\_runner.py", line 207, in tick
    run_with_retry(
    ~~~~~~~~~~~~~~^
        t,
        ^^
    ...<10 lines>...
        },
        ^^
    )
    ^
  File "C:\Users\Sharath Chandra S\OneDrive\Desktop\app_chatbot\backend\venv\Lib\site-packages\langgraph\pregel\_retry.py", line 617, in run_with_retry
    return task.proc.invoke(task.input, config)
           ~~~~~~~~~~~~~~~~^^^^^^^^^^^^^^^^^^^^
  File "C:\Users\Sharath Chandra S\OneDrive\Desktop\app_chatbot\backend\venv\Lib\site-packages\langgraph\_internal\_runnable.py", line 684, in invoke
    input = context.run(step.invoke, input, config, **kwargs)
  File "C:\Users\Sharath Chandra S\OneDrive\Desktop\app_chatbot\backend\venv\Lib\site-packages\langgraph\_internal\_runnable.py", line 426, in invoke
    ret = self.func(*args, **kwargs)
  File "C:\Users\Sharath Chandra S\OneDrive\Desktop\app_chatbot\backend\app\graph\graph.py", line 44, in supervisor_node
    decision = router_llm.invoke([system_msg] + messages, config=config)
  File "C:\Users\Sharath Chandra S\OneDrive\Desktop\app_chatbot\backend\venv\Lib\site-packages\langchain_core\runnables\base.py", line 3442, in invoke
    input_ = context.run(step.invoke, input_, config, **kwargs)
  File "C:\Users\Sharath Chandra S\OneDrive\Desktop\app_chatbot\backend\venv\Lib\site-packages\langchain_core\runnables\base.py", line 6002, in invoke
    return self.bound.invoke(
           ~~~~~~~~~~~~~~~~~^
        input,
        ^^^^^^
        self._merge_configs(config),
        ^^^^^^^^^^^^^^^^^^^^^^^^^^^^
        **{**self.kwargs, **kwargs},
        ^^^^^^^^^^^^^^^^^^^^^^^^^^^^
    )
    ^
  File "C:\Users\Sharath Chandra S\OneDrive\Desktop\app_chatbot\backend\venv\Lib\site-packages\langchain_google_genai\chat_models.py", line 2791, in invoke
    return super().invoke(input, config, stop=stop, **kwargs)
           ~~~~~~~~~~~~~~^^^^^^^^^^^^^^^^^^^^^^^^^^^^^^^^^^^^
  File "C:\Users\Sharath Chandra S\OneDrive\Desktop\app_chatbot\backend\venv\Lib\site-packages\langchain_core\language_models\chat_models.py", line 476, in invoke
    self.generate_prompt(
    ~~~~~~~~~~~~~~~~~~~~^
        [self._convert_input(input)],
        ^^^^^^^^^^^^^^^^^^^^^^^^^^^^^
    ...<6 lines>...
        **kwargs,
        ^^^^^^^^^
    ).generations[0][0],
    ^
  File "C:\Users\Sharath Chandra S\OneDrive\Desktop\app_chatbot\backend\venv\Lib\site-packages\langchain_core\language_models\chat_models.py", line 1849, in generate_prompt
    return self.generate(prompt_messages, stop=stop, callbacks=callbacks, **kwargs)
           ~~~~~~~~~~~~~^^^^^^^^^^^^^^^^^^^^^^^^^^^^^^^^^^^^^^^^^^^^^^^^^^^^^^^^^^^
  File "C:\Users\Sharath Chandra S\OneDrive\Desktop\app_chatbot\backend\venv\Lib\site-packages\langchain_core\language_models\chat_models.py", line 1656, in generate
    self._generate_with_cache(
    ~~~~~~~~~~~~~~~~~~~~~~~~~^
        m,
        ^^
    ...<2 lines>...
        **kwargs,
        ^^^^^^^^^
    )
    ^
  File "C:\Users\Sharath Chandra S\OneDrive\Desktop\app_chatbot\backend\venv\Lib\site-packages\langchain_core\language_models\chat_models.py", line 1994, in _generate_with_cache
    result = self._generate(
        messages, stop=stop, run_manager=run_manager, **kwargs
    )
  File "C:\Users\Sharath Chandra S\OneDrive\Desktop\app_chatbot\backend\venv\Lib\site-packages\langchain_google_genai\chat_models.py", line 3383, in _generate
    _handle_client_error(e, request)
    ~~~~~~~~~~~~~~~~~~~~^^^^^^^^^^^^
  File "C:\Users\Sharath Chandra S\OneDrive\Desktop\app_chatbot\backend\venv\Lib\site-packages\langchain_google_genai\chat_models.py", line 177, in _handle_client_error
    raise ChatGoogleGenerativeAIError(msg) from e
langchain_google_genai.chat_models.ChatGoogleGenerativeAIError: Error calling model 'gemini-2.5-flash' (NOT_FOUND): 404 NOT_FOUND. {'error': {'code': 404, 'message': 'This model models/gemini-2.5-flash is no longer available to new users. Please update your code to use a newer model for the latest features and improvements. We recommend you to use the Interactions API (https://ai.google.dev/gemini-api/docs/migrate-to-interactions).', 'status': 'NOT_FOUND'}}
During task with name 'supervisor' and id 'fa3ca72b-a1bc-2e28-3a67-bc80f612996e'


